<html>
<body>
<pre>
<h1>µVision Build Log</h1>
<h2>Tool Versions:</h2>
IDE-Version: ¦ÌVision V5.33.0.0
Copyright (C) 2020 ARM Ltd and ARM Germany GmbH. All rights reserved.
License Information: wangan zhang, wshuqw, LIC=GMZI6-DKEKJ-QDLKD-8FIGI-TD5AN-XSKAY
 
Tool Versions:
Toolchain:       MDK-ARM Plus  Version: 5.33.0.0
Toolchain Path:  D:\keil5\ARM\ARMCC\Bin
C Compiler:      Armcc.exe V5.06 update 7 (build 960)
Assembler:       Armasm.exe V5.06 update 7 (build 960)
Linker/Locator:  ArmLink.exe V5.06 update 7 (build 960)
Library Manager: ArmAr.exe V5.06 update 7 (build 960)
Hex Converter:   FromElf.exe V5.06 update 7 (build 960)
CPU DLL:         SARMCM3.DLL V5.33.0.0
Dialog DLL:      DCM.DLL V1.17.3.0
Target DLL:      CMSIS_AGDI.dll V1.32.12.0
Dialog DLL:      TCM.DLL V1.48.0.0
 
<h2>Project:</h2>
D:\GD32303C_EVAL_GD32F30x_Firmware_Library_Routine\Project\07_ADC_Temperature_Vrefint\MDK-ARM\GD32303C_EVAL.uvprojx
Project File Date:  04/15/2021

<h2>Output:</h2>
*** Using Compiler 'V5.06 update 7 (build 960)', folder: 'D:\keil5\ARM\ARMCC\Bin'
Rebuild target 'GD32F303C_EVAL'
compiling gd32f30x_adc.c...
compiling gd32f30x_bkp.c...
compiling main.c...
compiling gd32f30x_it.c...
compiling gd32f30x_ctc.c...
compiling gd32f30x_crc.c...
compiling gd32f30x_can.c...
compiling gd32f30x_dbg.c...
compiling gd32f30x_dac.c...
compiling systick.c...
compiling gd32f30x_dma.c...
compiling system_gd32f30x.c...
compiling gd32f30x_exti.c...
compiling gd32f30x_enet.c...
compiling gd32f30x_exmc.c...
compiling gd32f30x_fwdgt.c...
compiling gd32f30x_fmc.c...
compiling gd32f30x_gpio.c...
compiling gd32f30x_i2c.c...
assembling startup_gd32f30x_hd.s...
compiling gd32f30x_misc.c...
compiling gd32f30x_pmu.c...
compiling gd32f30x_rcu.c...
compiling gd32f30x_rtc.c...
compiling gd32f30x_sdio.c...
compiling gd32f30x_wwdgt.c...
compiling gd32f30x_spi.c...
compiling gd32f303c_eval.c...
compiling gd32f30x_usart.c...
compiling gd32f30x_timer.c...
linking...
Program Size: Code=7500 RO-data=336 RW-data=148 ZI-data=1028  
FromELF: creating hex file...
".\output\Project.axf" - 0 Error(s), 0 Warning(s).

<h2>Software Packages used:</h2>

Package Vendor: ARM
                http://www.keil.com/pack/ARM.CMSIS.5.7.0.pack
                ARM.CMSIS.5.7.0
                CMSIS (Cortex Microcontroller Software Interface Standard)
   * Component: CORE Version: 5.4.0

Package Vendor: GigaDevice
                http://gd32mcu.com/data/documents/pack/GigaDevice.GD32F30x_DFP.2.1.0.pack
                GigaDevice.GD32F30x_DFP.2.1.0
                GigaDevice GD32F30x Series Device Support and Examples

<h2>Collection of Component include folders:</h2>
  .\RTE\_GD32F303C_EVAL
  C:\Users\X00003510\AppData\Local\Arm\Packs\ARM\CMSIS\5.7.0\CMSIS\Core\Include
  C:\Users\X00003510\AppData\Local\Arm\Packs\GigaDevice\GD32F30x_DFP\2.1.0\Device\Include

<h2>Collection of Component Files used:</h2>

   * Component: ARM::CMSIS:CORE:5.4.0
Build Time Elapsed:  00:00:03
</pre>
</body>
</html>
